Archive member included because of file (symbol)

c:/program files/atmel/avr tools/avr toolchain/bin/../lib/gcc/avr/4.7.2/avr6\libgcc.a(_divmodhi4.o)
                              func.o (__divmodhi4)
c:/program files/atmel/avr tools/avr toolchain/bin/../lib/gcc/avr/4.7.2/avr6\libgcc.a(_divmodsi4.o)
                              func.o (__divmodsi4)
c:/program files/atmel/avr tools/avr toolchain/bin/../lib/gcc/avr/4.7.2/avr6\libgcc.a(_exit.o)
                              c:/program files/atmel/avr tools/avr toolchain/bin/../lib/gcc/avr/4.7.2/../../../../avr/lib/avr6/crtm2560.o (exit)
c:/program files/atmel/avr tools/avr toolchain/bin/../lib/gcc/avr/4.7.2/avr6\libgcc.a(_copy_data.o)
                              main.o (__do_copy_data)
c:/program files/atmel/avr tools/avr toolchain/bin/../lib/gcc/avr/4.7.2/avr6\libgcc.a(_clear_bss.o)
                              func.o (__do_clear_bss)
c:/program files/atmel/avr tools/avr toolchain/bin/../lib/gcc/avr/4.7.2/avr6\libgcc.a(_usmulhisi3.o)
                              func.o (__usmulhisi3)
c:/program files/atmel/avr tools/avr toolchain/bin/../lib/gcc/avr/4.7.2/avr6\libgcc.a(_udivmodhi4.o)
                              c:/program files/atmel/avr tools/avr toolchain/bin/../lib/gcc/avr/4.7.2/avr6\libgcc.a(_divmodhi4.o) (__udivmodhi4)
c:/program files/atmel/avr tools/avr toolchain/bin/../lib/gcc/avr/4.7.2/avr6\libgcc.a(_udivmodsi4.o)
                              c:/program files/atmel/avr tools/avr toolchain/bin/../lib/gcc/avr/4.7.2/avr6\libgcc.a(_divmodsi4.o) (__udivmodsi4)
c:/program files/atmel/avr tools/avr toolchain/bin/../lib/gcc/avr/4.7.2/avr6\libgcc.a(_umulhisi3.o)
                              c:/program files/atmel/avr tools/avr toolchain/bin/../lib/gcc/avr/4.7.2/avr6\libgcc.a(_usmulhisi3.o) (__umulhisi3)

Allocating common symbols
Common symbol       size              file

Input               0x3               func.o

Memory Configuration

Name             Origin             Length             Attributes
text             0x00000000         0x00100000         xr
data             0x00800200         0x0000fe00         rw !x
eeprom           0x00810000         0x00010000         rw !x
fuse             0x00820000         0x00000400         rw !x
lock             0x00830000         0x00000400         rw !x
signature        0x00840000         0x00000400         rw !x
user_signatures  0x00850000         0x00000400         rw !x
*default*        0x00000000         0xffffffff

Linker script and memory map

Address of section .data set to 0x800200
LOAD c:/program files/atmel/avr tools/avr toolchain/bin/../lib/gcc/avr/4.7.2/../../../../avr/lib/avr6/crtm2560.o
LOAD main.o
LOAD func.o
LOAD usart.o
LOAD adc.o
LOAD c:/program files/atmel/avr tools/avr toolchain/bin/../lib/gcc/avr/4.7.2/avr6\libgcc.a
LOAD c:/program files/atmel/avr tools/avr toolchain/bin/../lib/gcc/avr/4.7.2/../../../../avr/lib/avr6\libc.a
LOAD c:/program files/atmel/avr tools/avr toolchain/bin/../lib/gcc/avr/4.7.2/avr6\libgcc.a

.hash
 *(.hash)

.dynsym
 *(.dynsym)

.dynstr
 *(.dynstr)

.gnu.version
 *(.gnu.version)

.gnu.version_d
 *(.gnu.version_d)

.gnu.version_r
 *(.gnu.version_r)

.rel.init
 *(.rel.init)

.rela.init
 *(.rela.init)

.rel.text
 *(.rel.text)
 *(.rel.text.*)
 *(.rel.gnu.linkonce.t*)

.rela.text
 *(.rela.text)
 *(.rela.text.*)
 *(.rela.gnu.linkonce.t*)

.rel.fini
 *(.rel.fini)

.rela.fini
 *(.rela.fini)

.rel.rodata
 *(.rel.rodata)
 *(.rel.rodata.*)
 *(.rel.gnu.linkonce.r*)

.rela.rodata
 *(.rela.rodata)
 *(.rela.rodata.*)
 *(.rela.gnu.linkonce.r*)

.rel.data
 *(.rel.data)
 *(.rel.data.*)
 *(.rel.gnu.linkonce.d*)

.rela.data
 *(.rela.data)
 *(.rela.data.*)
 *(.rela.gnu.linkonce.d*)

.rel.ctors
 *(.rel.ctors)

.rela.ctors
 *(.rela.ctors)

.rel.dtors
 *(.rel.dtors)

.rela.dtors
 *(.rela.dtors)

.rel.got
 *(.rel.got)

.rela.got
 *(.rela.got)

.rel.bss
 *(.rel.bss)

.rela.bss
 *(.rela.bss)

.rel.plt
 *(.rel.plt)

.rela.plt
 *(.rela.plt)

.text           0x00000000      0x6fc
 *(.vectors)
 .vectors       0x00000000       0xe4 c:/program files/atmel/avr tools/avr toolchain/bin/../lib/gcc/avr/4.7.2/../../../../avr/lib/avr6/crtm2560.o
                0x00000000                __vector_default
                0x00000000                __vectors
 *(.vectors)
 *(.progmem.gcc*)
 *(.progmem*)
                0x000000e4                . = ALIGN (0x2)
                0x000000e4                __trampolines_start = .
 *(.trampolines)
 .trampolines   0x000000e4        0x0 linker stubs
 *(.trampolines*)
                0x000000e4                __trampolines_end = .
 *(.jumptables)
 *(.jumptables*)
 *(.lowtext)
 *(.lowtext*)
                0x000000e4                __ctors_start = .
 *(.ctors)
                0x000000e4                __ctors_end = .
                0x000000e4                __dtors_start = .
 *(.dtors)
                0x000000e4                __dtors_end = .
 SORT(*)(.ctors)
 SORT(*)(.dtors)
 *(.init0)
 .init0         0x000000e4        0x0 c:/program files/atmel/avr tools/avr toolchain/bin/../lib/gcc/avr/4.7.2/../../../../avr/lib/avr6/crtm2560.o
                0x000000e4                __init
 *(.init0)
 *(.init1)
 *(.init1)
 *(.init2)
 .init2         0x000000e4       0x10 c:/program files/atmel/avr tools/avr toolchain/bin/../lib/gcc/avr/4.7.2/../../../../avr/lib/avr6/crtm2560.o
 *(.init2)
 *(.init3)
 *(.init3)
 *(.init4)
 .init4         0x000000f4       0x1a c:/program files/atmel/avr tools/avr toolchain/bin/../lib/gcc/avr/4.7.2/avr6\libgcc.a(_copy_data.o)
                0x000000f4                __do_copy_data
 .init4         0x0000010e       0x10 c:/program files/atmel/avr tools/avr toolchain/bin/../lib/gcc/avr/4.7.2/avr6\libgcc.a(_clear_bss.o)
                0x0000010e                __do_clear_bss
 *(.init4)
 *(.init5)
 *(.init5)
 *(.init6)
 *(.init6)
 *(.init7)
 *(.init7)
 *(.init8)
 *(.init8)
 *(.init9)
 .init9         0x0000011e        0x8 c:/program files/atmel/avr tools/avr toolchain/bin/../lib/gcc/avr/4.7.2/../../../../avr/lib/avr6/crtm2560.o
 *(.init9)
 *(.text)
 .text          0x00000126        0x4 c:/program files/atmel/avr tools/avr toolchain/bin/../lib/gcc/avr/4.7.2/../../../../avr/lib/avr6/crtm2560.o
                0x00000126                __vector_38
                0x00000126                __vector_22
                0x00000126                __vector_28
                0x00000126                __vector_1
                0x00000126                __vector_32
                0x00000126                __vector_34
                0x00000126                __vector_24
                0x00000126                __vector_12
                0x00000126                __vector_55
                0x00000126                __vector_46
                0x00000126                __bad_interrupt
                0x00000126                __vector_6
                0x00000126                __vector_31
                0x00000126                __vector_35
                0x00000126                __vector_39
                0x00000126                __vector_3
                0x00000126                __vector_23
                0x00000126                __vector_30
                0x00000126                __vector_45
                0x00000126                __vector_25
                0x00000126                __vector_11
                0x00000126                __vector_54
                0x00000126                __vector_13
                0x00000126                __vector_17
                0x00000126                __vector_19
                0x00000126                __vector_56
                0x00000126                __vector_7
                0x00000126                __vector_49
                0x00000126                __vector_41
                0x00000126                __vector_43
                0x00000126                __vector_27
                0x00000126                __vector_5
                0x00000126                __vector_33
                0x00000126                __vector_47
                0x00000126                __vector_52
                0x00000126                __vector_37
                0x00000126                __vector_4
                0x00000126                __vector_44
                0x00000126                __vector_51
                0x00000126                __vector_9
                0x00000126                __vector_2
                0x00000126                __vector_21
                0x00000126                __vector_15
                0x00000126                __vector_36
                0x00000126                __vector_29
                0x00000126                __vector_40
                0x00000126                __vector_8
                0x00000126                __vector_26
                0x00000126                __vector_48
                0x00000126                __vector_14
                0x00000126                __vector_53
                0x00000126                __vector_10
                0x00000126                __vector_50
                0x00000126                __vector_16
                0x00000126                __vector_18
                0x00000126                __vector_20
                0x00000126                __vector_42
 .text          0x0000012a        0x0 main.o
 .text          0x0000012a      0x32c func.o
                0x0000012a                SetPosition
                0x00000154                ActionMotor
                0x00000174                SetSpeed
                0x00000188                ActionSpeed
                0x000001a8                SendDeg_ToPc
                0x00000262                GetHex
                0x0000028e                SendSpeed_ToPc
                0x000002e4                GetCheckSum
                0x00000306                init
                0x0000031c                AscToHex
                0x000003c8                AscToInt
 .text          0x00000456       0x86 usart.o
                0x00000456                Usart0_Init
                0x00000472                Usart1_Init
                0x0000048c                USART0_Tx
                0x0000049a                USART1_Tx
                0x000004a8                Usart_Print
                0x000004c0                USART0_Rx
                0x000004ce                USART1_Rx
 .text          0x000004dc      0x112 adc.o
                0x000004dc                ADC_init
                0x00000502                AC_init
                0x00000516                ADC_Compare
                0x0000058e                AC_Compare
 .text          0x000005ee        0x0 c:/program files/atmel/avr tools/avr toolchain/bin/../lib/gcc/avr/4.7.2/avr6\libgcc.a(_divmodhi4.o)
 .text          0x000005ee        0x0 c:/program files/atmel/avr tools/avr toolchain/bin/../lib/gcc/avr/4.7.2/avr6\libgcc.a(_divmodsi4.o)
 .text          0x000005ee        0x0 c:/program files/atmel/avr tools/avr toolchain/bin/../lib/gcc/avr/4.7.2/avr6\libgcc.a(_exit.o)
 .text          0x000005ee        0x0 c:/program files/atmel/avr tools/avr toolchain/bin/../lib/gcc/avr/4.7.2/avr6\libgcc.a(_copy_data.o)
 .text          0x000005ee        0x0 c:/program files/atmel/avr tools/avr toolchain/bin/../lib/gcc/avr/4.7.2/avr6\libgcc.a(_clear_bss.o)
 .text          0x000005ee        0x0 c:/program files/atmel/avr tools/avr toolchain/bin/../lib/gcc/avr/4.7.2/avr6\libgcc.a(_usmulhisi3.o)
 .text          0x000005ee        0x0 c:/program files/atmel/avr tools/avr toolchain/bin/../lib/gcc/avr/4.7.2/avr6\libgcc.a(_udivmodhi4.o)
 .text          0x000005ee        0x0 c:/program files/atmel/avr tools/avr toolchain/bin/../lib/gcc/avr/4.7.2/avr6\libgcc.a(_udivmodsi4.o)
 .text          0x000005ee        0x0 c:/program files/atmel/avr tools/avr toolchain/bin/../lib/gcc/avr/4.7.2/avr6\libgcc.a(_umulhisi3.o)
                0x000005ee                . = ALIGN (0x2)
 *(.text.*)
 .text.startup  0x000005ee       0x18 main.o
                0x000005ee                main
 .text.libgcc.mul
                0x00000606        0x0 c:/program files/atmel/avr tools/avr toolchain/bin/../lib/gcc/avr/4.7.2/avr6\libgcc.a(_divmodhi4.o)
 .text.libgcc.div
                0x00000606       0x28 c:/program files/atmel/avr tools/avr toolchain/bin/../lib/gcc/avr/4.7.2/avr6\libgcc.a(_divmodhi4.o)
                0x00000606                _div
                0x00000606                __divmodhi4
 .text.libgcc   0x0000062e        0x0 c:/program files/atmel/avr tools/avr toolchain/bin/../lib/gcc/avr/4.7.2/avr6\libgcc.a(_divmodhi4.o)
 .text.libgcc.prologue
                0x0000062e        0x0 c:/program files/atmel/avr tools/avr toolchain/bin/../lib/gcc/avr/4.7.2/avr6\libgcc.a(_divmodhi4.o)
 .text.libgcc.builtins
                0x0000062e        0x0 c:/program files/atmel/avr tools/avr toolchain/bin/../lib/gcc/avr/4.7.2/avr6\libgcc.a(_divmodhi4.o)
 .text.libgcc.fmul
                0x0000062e        0x0 c:/program files/atmel/avr tools/avr toolchain/bin/../lib/gcc/avr/4.7.2/avr6\libgcc.a(_divmodhi4.o)
 .text.libgcc.mul
                0x0000062e        0x0 c:/program files/atmel/avr tools/avr toolchain/bin/../lib/gcc/avr/4.7.2/avr6\libgcc.a(_divmodsi4.o)
 .text.libgcc.div
                0x0000062e       0x38 c:/program files/atmel/avr tools/avr toolchain/bin/../lib/gcc/avr/4.7.2/avr6\libgcc.a(_divmodsi4.o)
                0x0000062e                __divmodsi4
 .text.libgcc   0x00000666        0x0 c:/program files/atmel/avr tools/avr toolchain/bin/../lib/gcc/avr/4.7.2/avr6\libgcc.a(_divmodsi4.o)
 .text.libgcc.prologue
                0x00000666        0x0 c:/program files/atmel/avr tools/avr toolchain/bin/../lib/gcc/avr/4.7.2/avr6\libgcc.a(_divmodsi4.o)
 .text.libgcc.builtins
                0x00000666        0x0 c:/program files/atmel/avr tools/avr toolchain/bin/../lib/gcc/avr/4.7.2/avr6\libgcc.a(_divmodsi4.o)
 .text.libgcc.fmul
                0x00000666        0x0 c:/program files/atmel/avr tools/avr toolchain/bin/../lib/gcc/avr/4.7.2/avr6\libgcc.a(_divmodsi4.o)
 .text.libgcc.mul
                0x00000666        0x0 c:/program files/atmel/avr tools/avr toolchain/bin/../lib/gcc/avr/4.7.2/avr6\libgcc.a(_exit.o)
 .text.libgcc.div
                0x00000666        0x0 c:/program files/atmel/avr tools/avr toolchain/bin/../lib/gcc/avr/4.7.2/avr6\libgcc.a(_exit.o)
 .text.libgcc   0x00000666        0x0 c:/program files/atmel/avr tools/avr toolchain/bin/../lib/gcc/avr/4.7.2/avr6\libgcc.a(_exit.o)
 .text.libgcc.prologue
                0x00000666        0x0 c:/program files/atmel/avr tools/avr toolchain/bin/../lib/gcc/avr/4.7.2/avr6\libgcc.a(_exit.o)
 .text.libgcc.builtins
                0x00000666        0x0 c:/program files/atmel/avr tools/avr toolchain/bin/../lib/gcc/avr/4.7.2/avr6\libgcc.a(_exit.o)
 .text.libgcc.fmul
                0x00000666        0x0 c:/program files/atmel/avr tools/avr toolchain/bin/../lib/gcc/avr/4.7.2/avr6\libgcc.a(_exit.o)
 .text.libgcc.mul
                0x00000666        0x0 c:/program files/atmel/avr tools/avr toolchain/bin/../lib/gcc/avr/4.7.2/avr6\libgcc.a(_copy_data.o)
 .text.libgcc.div
                0x00000666        0x0 c:/program files/atmel/avr tools/avr toolchain/bin/../lib/gcc/avr/4.7.2/avr6\libgcc.a(_copy_data.o)
 .text.libgcc   0x00000666        0x0 c:/program files/atmel/avr tools/avr toolchain/bin/../lib/gcc/avr/4.7.2/avr6\libgcc.a(_copy_data.o)
 .text.libgcc.prologue
                0x00000666        0x0 c:/program files/atmel/avr tools/avr toolchain/bin/../lib/gcc/avr/4.7.2/avr6\libgcc.a(_copy_data.o)
 .text.libgcc.builtins
                0x00000666        0x0 c:/program files/atmel/avr tools/avr toolchain/bin/../lib/gcc/avr/4.7.2/avr6\libgcc.a(_copy_data.o)
 .text.libgcc.fmul
                0x00000666        0x0 c:/program files/atmel/avr tools/avr toolchain/bin/../lib/gcc/avr/4.7.2/avr6\libgcc.a(_copy_data.o)
 .text.libgcc.mul
                0x00000666        0x0 c:/program files/atmel/avr tools/avr toolchain/bin/../lib/gcc/avr/4.7.2/avr6\libgcc.a(_clear_bss.o)
 .text.libgcc.div
                0x00000666        0x0 c:/program files/atmel/avr tools/avr toolchain/bin/../lib/gcc/avr/4.7.2/avr6\libgcc.a(_clear_bss.o)
 .text.libgcc   0x00000666        0x0 c:/program files/atmel/avr tools/avr toolchain/bin/../lib/gcc/avr/4.7.2/avr6\libgcc.a(_clear_bss.o)
 .text.libgcc.prologue
                0x00000666        0x0 c:/program files/atmel/avr tools/avr toolchain/bin/../lib/gcc/avr/4.7.2/avr6\libgcc.a(_clear_bss.o)
 .text.libgcc.builtins
                0x00000666        0x0 c:/program files/atmel/avr tools/avr toolchain/bin/../lib/gcc/avr/4.7.2/avr6\libgcc.a(_clear_bss.o)
 .text.libgcc.fmul
                0x00000666        0x0 c:/program files/atmel/avr tools/avr toolchain/bin/../lib/gcc/avr/4.7.2/avr6\libgcc.a(_clear_bss.o)
 .text.libgcc.mul
                0x00000666        0xe c:/program files/atmel/avr tools/avr toolchain/bin/../lib/gcc/avr/4.7.2/avr6\libgcc.a(_usmulhisi3.o)
                0x00000666                __usmulhisi3
                0x0000066a                __usmulhisi3_tail
 .text.libgcc.div
                0x00000674        0x0 c:/program files/atmel/avr tools/avr toolchain/bin/../lib/gcc/avr/4.7.2/avr6\libgcc.a(_usmulhisi3.o)
 .text.libgcc   0x00000674        0x0 c:/program files/atmel/avr tools/avr toolchain/bin/../lib/gcc/avr/4.7.2/avr6\libgcc.a(_usmulhisi3.o)
 .text.libgcc.prologue
                0x00000674        0x0 c:/program files/atmel/avr tools/avr toolchain/bin/../lib/gcc/avr/4.7.2/avr6\libgcc.a(_usmulhisi3.o)
 .text.libgcc.builtins
                0x00000674        0x0 c:/program files/atmel/avr tools/avr toolchain/bin/../lib/gcc/avr/4.7.2/avr6\libgcc.a(_usmulhisi3.o)
 .text.libgcc.fmul
                0x00000674        0x0 c:/program files/atmel/avr tools/avr toolchain/bin/../lib/gcc/avr/4.7.2/avr6\libgcc.a(_usmulhisi3.o)
 .text.libgcc.mul
                0x00000674        0x0 c:/program files/atmel/avr tools/avr toolchain/bin/../lib/gcc/avr/4.7.2/avr6\libgcc.a(_udivmodhi4.o)
 .text.libgcc.div
                0x00000674       0x28 c:/program files/atmel/avr tools/avr toolchain/bin/../lib/gcc/avr/4.7.2/avr6\libgcc.a(_udivmodhi4.o)
                0x00000674                __udivmodhi4
 .text.libgcc   0x0000069c        0x0 c:/program files/atmel/avr tools/avr toolchain/bin/../lib/gcc/avr/4.7.2/avr6\libgcc.a(_udivmodhi4.o)
 .text.libgcc.prologue
                0x0000069c        0x0 c:/program files/atmel/avr tools/avr toolchain/bin/../lib/gcc/avr/4.7.2/avr6\libgcc.a(_udivmodhi4.o)
 .text.libgcc.builtins
                0x0000069c        0x0 c:/program files/atmel/avr tools/avr toolchain/bin/../lib/gcc/avr/4.7.2/avr6\libgcc.a(_udivmodhi4.o)
 .text.libgcc.fmul
                0x0000069c        0x0 c:/program files/atmel/avr tools/avr toolchain/bin/../lib/gcc/avr/4.7.2/avr6\libgcc.a(_udivmodhi4.o)
 .text.libgcc.mul
                0x0000069c        0x0 c:/program files/atmel/avr tools/avr toolchain/bin/../lib/gcc/avr/4.7.2/avr6\libgcc.a(_udivmodsi4.o)
 .text.libgcc.div
                0x0000069c       0x44 c:/program files/atmel/avr tools/avr toolchain/bin/../lib/gcc/avr/4.7.2/avr6\libgcc.a(_udivmodsi4.o)
                0x0000069c                __udivmodsi4
 .text.libgcc   0x000006e0        0x0 c:/program files/atmel/avr tools/avr toolchain/bin/../lib/gcc/avr/4.7.2/avr6\libgcc.a(_udivmodsi4.o)
 .text.libgcc.prologue
                0x000006e0        0x0 c:/program files/atmel/avr tools/avr toolchain/bin/../lib/gcc/avr/4.7.2/avr6\libgcc.a(_udivmodsi4.o)
 .text.libgcc.builtins
                0x000006e0        0x0 c:/program files/atmel/avr tools/avr toolchain/bin/../lib/gcc/avr/4.7.2/avr6\libgcc.a(_udivmodsi4.o)
 .text.libgcc.fmul
                0x000006e0        0x0 c:/program files/atmel/avr tools/avr toolchain/bin/../lib/gcc/avr/4.7.2/avr6\libgcc.a(_udivmodsi4.o)
 .text.libgcc.mul
                0x000006e0       0x18 c:/program files/atmel/avr tools/avr toolchain/bin/../lib/gcc/avr/4.7.2/avr6\libgcc.a(_umulhisi3.o)
                0x000006e0                __umulhisi3
 .text.libgcc.div
                0x000006f8        0x0 c:/program files/atmel/avr tools/avr toolchain/bin/../lib/gcc/avr/4.7.2/avr6\libgcc.a(_umulhisi3.o)
 .text.libgcc   0x000006f8        0x0 c:/program files/atmel/avr tools/avr toolchain/bin/../lib/gcc/avr/4.7.2/avr6\libgcc.a(_umulhisi3.o)
 .text.libgcc.prologue
                0x000006f8        0x0 c:/program files/atmel/avr tools/avr toolchain/bin/../lib/gcc/avr/4.7.2/avr6\libgcc.a(_umulhisi3.o)
 .text.libgcc.builtins
                0x000006f8        0x0 c:/program files/atmel/avr tools/avr toolchain/bin/../lib/gcc/avr/4.7.2/avr6\libgcc.a(_umulhisi3.o)
 .text.libgcc.fmul
                0x000006f8        0x0 c:/program files/atmel/avr tools/avr toolchain/bin/../lib/gcc/avr/4.7.2/avr6\libgcc.a(_umulhisi3.o)
                0x000006f8                . = ALIGN (0x2)
 *(.fini9)
 .fini9         0x000006f8        0x0 c:/program files/atmel/avr tools/avr toolchain/bin/../lib/gcc/avr/4.7.2/avr6\libgcc.a(_exit.o)
                0x000006f8                _exit
                0x000006f8                exit
 *(.fini9)
 *(.fini8)
 *(.fini8)
 *(.fini7)
 *(.fini7)
 *(.fini6)
 *(.fini6)
 *(.fini5)
 *(.fini5)
 *(.fini4)
 *(.fini4)
 *(.fini3)
 *(.fini3)
 *(.fini2)
 *(.fini2)
 *(.fini1)
 *(.fini1)
 *(.fini0)
 .fini0         0x000006f8        0x4 c:/program files/atmel/avr tools/avr toolchain/bin/../lib/gcc/avr/4.7.2/avr6\libgcc.a(_exit.o)
 *(.fini0)
                0x000006fc                _etext = .

.data           0x00800200       0x12 load address 0x000006fc
                0x00800200                PROVIDE (__data_start, .)
 *(.data)
 .data          0x00800200        0x0 c:/program files/atmel/avr tools/avr toolchain/bin/../lib/gcc/avr/4.7.2/../../../../avr/lib/avr6/crtm2560.o
 .data          0x00800200       0x12 main.o
                0x00800200                Speed
                0x00800209                Move
 .data          0x00800212        0x0 func.o
 .data          0x00800212        0x0 usart.o
 .data          0x00800212        0x0 adc.o
 .data          0x00800212        0x0 c:/program files/atmel/avr tools/avr toolchain/bin/../lib/gcc/avr/4.7.2/avr6\libgcc.a(_divmodhi4.o)
 .data          0x00800212        0x0 c:/program files/atmel/avr tools/avr toolchain/bin/../lib/gcc/avr/4.7.2/avr6\libgcc.a(_divmodsi4.o)
 .data          0x00800212        0x0 c:/program files/atmel/avr tools/avr toolchain/bin/../lib/gcc/avr/4.7.2/avr6\libgcc.a(_exit.o)
 .data          0x00800212        0x0 c:/program files/atmel/avr tools/avr toolchain/bin/../lib/gcc/avr/4.7.2/avr6\libgcc.a(_copy_data.o)
 .data          0x00800212        0x0 c:/program files/atmel/avr tools/avr toolchain/bin/../lib/gcc/avr/4.7.2/avr6\libgcc.a(_clear_bss.o)
 .data          0x00800212        0x0 c:/program files/atmel/avr tools/avr toolchain/bin/../lib/gcc/avr/4.7.2/avr6\libgcc.a(_usmulhisi3.o)
 .data          0x00800212        0x0 c:/program files/atmel/avr tools/avr toolchain/bin/../lib/gcc/avr/4.7.2/avr6\libgcc.a(_udivmodhi4.o)
 .data          0x00800212        0x0 c:/program files/atmel/avr tools/avr toolchain/bin/../lib/gcc/avr/4.7.2/avr6\libgcc.a(_udivmodsi4.o)
 .data          0x00800212        0x0 c:/program files/atmel/avr tools/avr toolchain/bin/../lib/gcc/avr/4.7.2/avr6\libgcc.a(_umulhisi3.o)
 *(.data*)
 *(.rodata)
 *(.rodata*)
 *(.gnu.linkonce.d*)
                0x00800212                . = ALIGN (0x2)
                0x00800212                _edata = .
                0x00800212                PROVIDE (__data_end, .)

.bss            0x00800212        0x5
                0x00800212                PROVIDE (__bss_start, .)
 *(.bss)
 .bss           0x00800212        0x0 c:/program files/atmel/avr tools/avr toolchain/bin/../lib/gcc/avr/4.7.2/../../../../avr/lib/avr6/crtm2560.o
 .bss           0x00800212        0x0 main.o
 .bss           0x00800212        0x2 func.o
                0x00800212                head
 .bss           0x00800214        0x0 usart.o
 .bss           0x00800214        0x0 adc.o
 .bss           0x00800214        0x0 c:/program files/atmel/avr tools/avr toolchain/bin/../lib/gcc/avr/4.7.2/avr6\libgcc.a(_divmodhi4.o)
 .bss           0x00800214        0x0 c:/program files/atmel/avr tools/avr toolchain/bin/../lib/gcc/avr/4.7.2/avr6\libgcc.a(_divmodsi4.o)
 .bss           0x00800214        0x0 c:/program files/atmel/avr tools/avr toolchain/bin/../lib/gcc/avr/4.7.2/avr6\libgcc.a(_exit.o)
 .bss           0x00800214        0x0 c:/program files/atmel/avr tools/avr toolchain/bin/../lib/gcc/avr/4.7.2/avr6\libgcc.a(_copy_data.o)
 .bss           0x00800214        0x0 c:/program files/atmel/avr tools/avr toolchain/bin/../lib/gcc/avr/4.7.2/avr6\libgcc.a(_clear_bss.o)
 .bss           0x00800214        0x0 c:/program files/atmel/avr tools/avr toolchain/bin/../lib/gcc/avr/4.7.2/avr6\libgcc.a(_usmulhisi3.o)
 .bss           0x00800214        0x0 c:/program files/atmel/avr tools/avr toolchain/bin/../lib/gcc/avr/4.7.2/avr6\libgcc.a(_udivmodhi4.o)
 .bss           0x00800214        0x0 c:/program files/atmel/avr tools/avr toolchain/bin/../lib/gcc/avr/4.7.2/avr6\libgcc.a(_udivmodsi4.o)
 .bss           0x00800214        0x0 c:/program files/atmel/avr tools/avr toolchain/bin/../lib/gcc/avr/4.7.2/avr6\libgcc.a(_umulhisi3.o)
 *(.bss*)
 *(COMMON)
 COMMON         0x00800214        0x3 func.o
                0x00800214                Input
                0x00800217                PROVIDE (__bss_end, .)
                0x000006fc                __data_load_start = LOADADDR (.data)
                0x0000070e                __data_load_end = (__data_load_start + SIZEOF (.data))

.noinit         0x00800217        0x0
                0x00800217                PROVIDE (__noinit_start, .)
 *(.noinit*)
                0x00800217                PROVIDE (__noinit_end, .)
                0x00800217                _end = .
                0x00800217                PROVIDE (__heap_start, .)

.eeprom         0x00810000        0x0
 *(.eeprom*)
                0x00810000                __eeprom_end = .

.fuse
 *(.fuse)
 *(.lfuse)
 *(.hfuse)
 *(.efuse)

.lock
 *(.lock*)

.signature
 *(.signature*)

.user_signatures
 *(.user_signatures*)

.stab           0x00000000      0x6e4
 *(.stab)
 .stab          0x00000000      0x6e4 c:/program files/atmel/avr tools/avr toolchain/bin/../lib/gcc/avr/4.7.2/../../../../avr/lib/avr6/crtm2560.o

.stabstr        0x00000000       0x97
 *(.stabstr)
 .stabstr       0x00000000       0x97 c:/program files/atmel/avr tools/avr toolchain/bin/../lib/gcc/avr/4.7.2/../../../../avr/lib/avr6/crtm2560.o

.stab.excl
 *(.stab.excl)

.stab.exclstr
 *(.stab.exclstr)

.stab.index
 *(.stab.index)

.stab.indexstr
 *(.stab.indexstr)

.comment        0x00000000       0x2f
 *(.comment)
 .comment       0x00000000       0x2f main.o
                                 0x30 (size before relaxing)
 .comment       0x00000000       0x30 func.o
 .comment       0x00000000       0x30 usart.o
 .comment       0x00000000       0x30 adc.o

.debug
 *(.debug)

.line
 *(.line)

.debug_srcinfo
 *(.debug_srcinfo)

.debug_sfnames
 *(.debug_sfnames)

.debug_aranges  0x00000000       0x80
 *(.debug_aranges)
 .debug_aranges
                0x00000000       0x20 main.o
 .debug_aranges
                0x00000020       0x20 func.o
 .debug_aranges
                0x00000040       0x20 usart.o
 .debug_aranges
                0x00000060       0x20 adc.o

.debug_pubnames
 *(.debug_pubnames)

.debug_info     0x00000000      0xb2a
 *(.debug_info)
 .debug_info    0x00000000      0x125 main.o
 .debug_info    0x00000125      0x4d9 func.o
 .debug_info    0x000005fe      0x15e usart.o
 .debug_info    0x0000075c      0x3ce adc.o
 *(.gnu.linkonce.wi.*)

.debug_abbrev   0x00000000      0x4ad
 *(.debug_abbrev)
 .debug_abbrev  0x00000000       0xd3 main.o
 .debug_abbrev  0x000000d3      0x1a1 func.o
 .debug_abbrev  0x00000274       0xd6 usart.o
 .debug_abbrev  0x0000034a      0x163 adc.o

.debug_line     0x00000000      0x439
 *(.debug_line)
 .debug_line    0x00000000       0xc7 main.o
 .debug_line    0x000000c7      0x116 func.o
 .debug_line    0x000001dd       0xd3 usart.o
 .debug_line    0x000002b0      0x189 adc.o

.debug_frame    0x00000000      0x250
 *(.debug_frame)
 .debug_frame   0x00000000       0x24 main.o
 .debug_frame   0x00000024      0x130 func.o
 .debug_frame   0x00000154       0x90 usart.o
 .debug_frame   0x000001e4       0x6c adc.o

.debug_str      0x00000000      0x22f
 *(.debug_str)
 .debug_str     0x00000000       0xae main.o
                                 0xed (size before relaxing)
 .debug_str     0x000000ae       0xac func.o
                                0x111 (size before relaxing)
 .debug_str     0x0000015a       0x47 usart.o
                                0x10b (size before relaxing)
 .debug_str     0x000001a1       0x8e adc.o
                                0x153 (size before relaxing)

.debug_loc      0x00000000      0x92e
 *(.debug_loc)
 .debug_loc     0x00000000       0x34 main.o
 .debug_loc     0x00000034      0x542 func.o
 .debug_loc     0x00000576       0x47 usart.o
 .debug_loc     0x000005bd      0x371 adc.o

.debug_macinfo
 *(.debug_macinfo)

.debug_pubtypes
 *(.debug_pubtypes)

.debug_ranges   0x00000000       0x10
 *(.debug_ranges)
 .debug_ranges  0x00000000       0x10 main.o

.debug_macro
 *(.debug_macro)
OUTPUT(Avr0715_2.elf elf32-avr)
LOAD linker stubs
